// Jest Snapshot v1, https://goo.gl/fbAQLP

exports[`Test ticket function Should create a snapshot 1`] = `ShallowWrapper {}`;
